// Jest Snapshot v1, https://goo.gl/fbAQLP

exports[`QuestionItem component renders correctly 1`] = `
<View
  accessible={true}
  focusable={true}
  isTVSelectable={true}
  onClick={[Function]}
  onResponderGrant={[Function]}
  onResponderMove={[Function]}
  onResponderRelease={[Function]}
  onResponderTerminate={[Function]}
  onResponderTerminationRequest={[Function]}
  onStartShouldSetResponder={[Function]}
  style={
    Object {
      "opacity": 1,
    }
  }
>
  <View
    style={
      Object {
        "alignItems": "center",
        "backgroundColor": "#dfcdc3",
        "borderRadius": 10,
        "flexDirection": "row",
        "height": 130,
        "justifyContent": "space-between",
        "marginHorizontal": 20,
        "marginVertical": 20,
        "shadowColor": "#000",
        "shadowOffset": Object {
          "height": 2,
          "width": 0,
        },
        "shadowOpacity": 0.23,
        "shadowRadius": 2.62,
      }
    }
  >
    <View
      style={
        Object {
          "flex": 1,
          "flexGrow": 1,
          "padding": 20,
        }
      }
    >
      <Text
        style={
          Object {
            "fontFamily": "nunito-bold",
            "fontSize": 20,
            "marginBottom": 5,
          }
        }
      >
        My question
      </Text>
      <Text
        style={
          Object {
            "fontFamily": "nunito-regular",
            "fontSize": 13,
            "marginBottom": 5,
          }
        }
      >
        Created on: 
        2020-05-25
      </Text>
      <Image
        source={1}
        style={
          Object {
            "height": 20,
            "width": 20,
          }
        }
      />
    </View>
    <View>
      <Image
        source={1}
        style={
          Object {
            "height": 100,
            "width": 100,
          }
        }
      />
    </View>
  </View>
</View>
`;
